../Core/Src/main.c:172:6:MEMS_Write	16	static
../Core/Src/main.c:179:6:MEMS_Read	16	static
../Core/Src/main.c:187:6:sensor_init	8	static
../Core/Src/main.c:201:6:LED_Task	16	static
../Core/Src/main.c:210:6:vHandlerTask	24	static
../Core/Src/main.c:233:6:HAL_GPIO_EXTI_Callback	24	static,ignoring_inline_asm
../Core/Src/main.c:259:5:main	16	static
../Core/Src/main.c:323:6:SystemClock_Config	88	static
../Core/Src/main.c:370:13:MX_SPI1_Init	8	static
../Core/Src/main.c:408:13:MX_USART2_UART_Init	8	static
../Core/Src/main.c:441:13:MX_GPIO_Init	56	static
../Core/Src/main.c:634:6:HAL_TIM_PeriodElapsedCallback	16	static
../Core/Src/main.c:651:6:Error_Handler	4	static,ignoring_inline_asm
