../Core/Src/main.c:116:6:USART_Test	72	static
../Core/Src/main.c:146:5:main	16	static
../Core/Src/main.c:200:6:SystemClock_Config	88	static
../Core/Src/main.c:247:13:MX_USART2_UART_Init	8	static
../Core/Src/main.c:280:13:MX_GPIO_Init	56	static
../Core/Src/main.c:420:6:TaskMonitor_APP	16	static
../Core/Src/main.c:427:6:Red_LED_App	24	static
../Core/Src/main.c:436:6:Green_LED_App	24	static
../Core/Src/main.c:444:6:Delay_App	24	static
../Core/Src/main.c:472:6:HAL_TIM_PeriodElapsedCallback	16	static
../Core/Src/main.c:489:6:Error_Handler	4	static,ignoring_inline_asm
